TAP version 13
# Subtest: title animates before any level exists, with cached atmosphere and no new canvases each frame
ok 1 - title animates before any level exists, with cached atmosphere and no new canvases each frame
  ---
  duration_ms: 7.338666
  type: 'test'
  ...
# Subtest: saved motion preference freezes and resumes the existing atmosphere without a jump
ok 2 - saved motion preference freezes and resumes the existing atmosphere without a jump
  ---
  duration_ms: 8.088708
  type: 'test'
  ...
# Subtest: OS reduced motion is respected at startup and when it changes while the page is open
ok 3 - OS reduced motion is respected at startup and when it changes while the page is open
  ---
  duration_ms: 4.308167
  type: 'test'
  ...
# Subtest: animated atmosphere is below the separately cached board and all puzzle pieces
ok 4 - animated atmosphere is below the separately cached board and all puzzle pieces
  ---
  duration_ms: 5.813666
  type: 'test'
  ...
# Subtest: ko and en dictionaries have identical key sets
ok 5 - ko and en dictionaries have identical key sets
  ---
  duration_ms: 1.721834
  type: 'test'
  ...
# Subtest: every key resolves to non-empty string in both languages
ok 6 - every key resolves to non-empty string in both languages
  ---
  duration_ms: 0.611625
  type: 'test'
  ...
# Subtest: t() falls back to ko then key
ok 7 - t() falls back to ko then key
  ---
  duration_ms: 0.285875
  type: 'test'
  ...
# Subtest: Korean is the default even when the browser prefers English
ok 8 - Korean is the default even when the browser prefers English
  ---
  duration_ms: 0.300166
  type: 'test'
  ...
# Subtest: all levels have EN display names
ok 9 - all levels have EN display names
  ---
  duration_ms: 0.525084
  type: 'test'
  ...
# Subtest: achievements have bilingual names and descriptions
ok 10 - achievements have bilingual names and descriptions
  ---
  duration_ms: 1.0235
  type: 'test'
  ...
# Subtest: defaults shape is v2
ok 11 - defaults shape is v2
  ---
  duration_ms: 1.146458
  type: 'test'
  ...
# Subtest: v1 save migrates to v2 preserving progress
ok 12 - v1 save migrates to v2 preserving progress
  ---
  duration_ms: 0.374792
  type: 'test'
  ...
# Subtest: corrupted payloads sanitize safely
ok 13 - corrupted payloads sanitize safely
  ---
  duration_ms: 0.188166
  type: 'test'
  ...
# Subtest: fresh saves and missing or invalid language values default to Korean
ok 14 - fresh saves and missing or invalid language values default to Korean
  ---
  duration_ms: 3.89675
  type: 'test'
  ...
# Subtest: saved Korean, English and automatic preferences survive loading and v1 migration
ok 15 - saved Korean, English and automatic preferences survive loading and v1 migration
  ---
  duration_ms: 1.32325
  type: 'test'
  ...
# Subtest: completeLevel unlocks next and keeps best stars
ok 16 - completeLevel unlocks next and keeps best stars
  ---
  duration_ms: 0.265792
  type: 'test'
  ...
# Subtest: recordDaily keeps best stars and fewest moves
ok 17 - recordDaily keeps best stars and fewest moves
  ---
  duration_ms: 0.192042
  type: 'test'
  ...
# Subtest: dailyStreak counts consecutive days ending today
ok 18 - dailyStreak counts consecutive days ending today
  ---
  duration_ms: 1.230208
  type: 'test'
  ...
# Subtest: totalStars sums
ok 19 - totalStars sums
  ---
  duration_ms: 0.898083
  type: 'test'
  ...
# Subtest: legacy v1 storage key migrates and persists under v2
ok 20 - legacy v1 storage key migrates and persists under v2
  ---
  duration_ms: 0.443667
  type: 'test'
  ...
1..20
# tests 20
# suites 0
# pass 20
# fail 0
# cancelled 0
# skipped 0
# todo 0
# duration_ms 104.36275
