
> ilyndrel@2.0.0 test
> node --test tests/*.test.mjs

TAP version 13
# Subtest: achievement registry has bilingual metadata and unique ids
ok 1 - achievement registry has bilingual metadata and unique ids
  ---
  duration_ms: 0.554375
  type: 'test'
  ...
# Subtest: evaluate unlocks first-light on level 1 clear
ok 2 - evaluate unlocks first-light on level 1 clear
  ---
  duration_ms: 2.535667
  type: 'test'
  ...
# Subtest: achievements unlock only once
ok 3 - achievements unlock only once
  ---
  duration_ms: 0.184542
  type: 'test'
  ...
# Subtest: chapter and streak achievements use context
ok 4 - chapter and streak achievements use context
  ---
  duration_ms: 0.120167
  type: 'test'
  ...
# Subtest: no-hint-ten requires ten hintless clears
ok 5 - no-hint-ten requires ten hintless clears
  ---
  duration_ms: 0.082125
  type: 'test'
  ...
# Subtest: publishes only decoded image data and a revision for render cache invalidation
ok 6 - publishes only decoded image data and a revision for render cache invalidation
  ---
  duration_ms: 21.444542
  type: 'test'
  ...
# Subtest: a missing or corrupt replacement retains the last decoded entry; initial failure stays optional
ok 7 - a missing or corrupt replacement retains the last decoded entry; initial failure stays optional
  ---
  duration_ms: 1.899542
  type: 'test'
  ...
# Subtest: changed dimensions, anchor and scale publish together after successful decode
ok 8 - changed dimensions, anchor and scale publish together after successful decode
  ---
  duration_ms: 1.026167
  type: 'test'
  ...
# Subtest: wrong declared or decoded dimensions cannot replace working art
ok 9 - wrong declared or decoded dimensions cannot replace working art
  ---
  duration_ms: 0.899709
  type: 'test'
  ...
# Subtest: valid manifest omissions remove art; malformed manifests preserve the entire set
ok 10 - valid manifest omissions remove art; malformed manifests preserve the entire set
  ---
  duration_ms: 0.460792
  type: 'test'
  ...
# Subtest: newer load wins even when an aborted old fetch resolves late
ok 11 - newer load wins even when an aborted old fetch resolves late
  ---
  duration_ms: 3.71375
  type: 'test'
  ...
# Subtest: timeout settles even if an injected network never honors abort
ok 12 - timeout settles even if an injected network never honors abort
  ---
  duration_ms: 16.773417
  type: 'test'
  ...
# Subtest: rejects external paths, traversal, unsafe metadata and decoded budgets
ok 13 - rejects external paths, traversal, unsafe metadata and decoded budgets
  ---
  duration_ms: 0.633708
  type: 'test'
  ...
# Subtest: rejects foreign manifests and foreign redirects without fetching remote art
ok 14 - rejects foreign manifests and foreign redirects without fetching remote art
  ---
  duration_ms: 0.310458
  type: 'test'
  ...
# Subtest: bounded response reader rejects advertised and streamed oversized bytes
ok 15 - bounded response reader rejects advertised and streamed oversized bytes
  ---
  duration_ms: 0.981458
  type: 'test'
  ...
# Subtest: image headers reject decompression bombs before decoding and parse common exports
ok 16 - image headers reject decompression bombs before decoding and parse common exports
  ---
  duration_ms: 0.135209
  type: 'test'
  ...
# Subtest: service worker keeps a complete offline art snapshot through a broken update
ok 17 - service worker keeps a complete offline art snapshot through a broken update
  ---
  duration_ms: 18.873
  type: 'test'
  ...
# Subtest: default palette used without skin theme
ok 18 - default palette used without skin theme
  ---
  duration_ms: 0.489583
  type: 'test'
  ...
# Subtest: skin theme remaps beam colors
ok 19 - skin theme remaps beam colors
  ---
  duration_ms: 0.086125
  type: 'test'
  ...
# Subtest: todayStr returns ISO date
ok 20 - todayStr returns ISO date
  ---
  duration_ms: 3.480916
  type: 'test'
  ...
# Subtest: daily config is deterministic per date
ok 21 - daily config is deterministic per date
  ---
  duration_ms: 4.569125
  type: 'test'
  ...
# Subtest: daily configs differ across dates
ok 22 - daily configs differ across dates
  ---
  duration_ms: 9.01825
  type: 'test'
  ...
# Subtest: every daily config is solvable and non-trivial
ok 23 - every daily config is solvable and non-trivial
  ---
  duration_ms: 15.875459
  type: 'test'
  ...
# Subtest: older saves default to sculpted; a valid display choice persists without losing progress
ok 24 - older saves default to sculpted; a valid display choice persists without losing progress
  ---
  duration_ms: 1.126
  type: 'test'
  ...
# Subtest: changing display from the open settings form updates the current board without a restart
ok 25 - changing display from the open settings form updates the current board without a restart
  ---
  duration_ms: 9.838541
  type: 'test'
  ...
# Subtest: mirror reflects beam per orientation
ok 26 - mirror reflects beam per orientation
  ---
  duration_ms: 0.937833
  type: 'test'
  ...
# Subtest: parseLevel extracts all entity kinds
ok 27 - parseLevel extracts all entity kinds
  ---
  duration_ms: 0.351333
  type: 'test'
  ...
# Subtest: meta colors, needs and splitOrient applied
ok 28 - meta colors, needs and splitOrient applied
  ---
  duration_ms: 0.112541
  type: 'test'
  ...
# Subtest: beam stops at wall with spark
ok 29 - beam stops at wall with spark
  ---
  duration_ms: 0.218917
  type: 'test'
  ...
# Subtest: gate blocks white, passes exact color
ok 30 - gate blocks white, passes exact color
  ---
  duration_ms: 0.12125
  type: 'test'
  ...
# Subtest: crystal recolors beam for need satisfaction
ok 31 - crystal recolors beam for need satisfaction
  ---
  duration_ms: 0.108042
  type: 'test'
  ...
# Subtest: splitter reflects and passes through
ok 32 - splitter reflects and passes through
  ---
  duration_ms: 0.148583
  type: 'test'
  ...
# Subtest: portal teleports preserving direction
ok 33 - portal teleports preserving direction
  ---
  duration_ms: 0.074
  type: 'test'
  ...
# Subtest: infinite mirror loop terminates fast
ok 34 - infinite mirror loop terminates fast
  ---
  duration_ms: 0.458792
  type: 'test'
  ...
# Subtest: solve returns optimal flips for L1
ok 35 - solve returns optimal flips for L1
  ---
  duration_ms: 0.510417
  type: 'test'
  ...
# Subtest: solution flips solve every level via unified tracer
ok 36 - solution flips solve every level via unified tracer
  ---
  duration_ms: 138.795916
  type: 'test'
  ...
# Subtest: hintMove preserves current orientations on every level
ok 37 - hintMove preserves current orientations on every level
  ---
  duration_ms: 73.068959
  type: 'test'
  ...
# Subtest: winUi fires exactly once per run after next level
ok 38 - winUi fires exactly once per run after next level
  ---
  duration_ms: 13.595959
  type: 'test'
  ...
# Subtest: winUi fires exactly once per run after replay via startLevel
ok 39 - winUi fires exactly once per run after replay via startLevel
  ---
  duration_ms: 2.079959
  type: 'test'
  ...
# Subtest: winUi fires exactly once per run after resetLevel
ok 40 - winUi fires exactly once per run after resetLevel
  ---
  duration_ms: 1.502084
  type: 'test'
  ...
# Subtest: satisfaction is live while awakening persists
ok 41 - satisfaction is live while awakening persists
  ---
  duration_ms: 1.002458
  type: 'test'
  ...
# Subtest: undo restores board but move attempt is kept (anti-cheat)
ok 42 - undo restores board but move attempt is kept (anti-cheat)
  ---
  duration_ms: 0.381125
  type: 'test'
  ...
# Subtest: hint increments hintsUsed and caps stars at 2
ok 43 - hint increments hintsUsed and caps stars at 2
  ---
  duration_ms: 0.255541
  type: 'test'
  ...
# Subtest: win emits structured event with stars and par
ok 44 - win emits structured event with stars and par
  ---
  duration_ms: 0.45725
  type: 'test'
  ...
# Subtest: initial reduced motion disables victory bloom before any UI listener exists
ok 45 - initial reduced motion disables victory bloom before any UI listener exists
  ---
  duration_ms: 2.093375
  type: 'test'
  ...
# Subtest: ko and en dictionaries have identical key sets
ok 46 - ko and en dictionaries have identical key sets
  ---
  duration_ms: 0.808792
  type: 'test'
  ...
# Subtest: every key resolves to non-empty string in both languages
ok 47 - every key resolves to non-empty string in both languages
  ---
  duration_ms: 0.279042
  type: 'test'
  ...
# Subtest: t() falls back to ko then key
ok 48 - t() falls back to ko then key
  ---
  duration_ms: 0.09775
  type: 'test'
  ...
# Subtest: all levels have EN display names
ok 49 - all levels have EN display names
  ---
  duration_ms: 0.099875
  type: 'test'
  ...
# Subtest: achievements have bilingual names and descriptions
ok 50 - achievements have bilingual names and descriptions
  ---
  duration_ms: 0.115708
  type: 'test'
  ...
# Subtest: published 300-level catalogue exactly reproduces from the new seed
ok 51 - published 300-level catalogue exactly reproduces from the new seed
  ---
  duration_ms: 201.358208
  type: 'test'
  ...
# Subtest: new layouts are distinct after removing decoration and normalizing rotations/reflections
ok 52 - new layouts are distinct after removing decoration and normalizing rotations/reflections
  ---
  duration_ms: 11.130334
  type: 'test'
  ...
# Subtest: stored solutions illuminate every target; par is exact and search stays bounded
ok 53 - stored solutions illuminate every target; par is exact and search stays bounded
  ---
  duration_ms: 80.611667
  type: 'test'
  ...
# Subtest: feature introductions preserve live tutorial targets and required mechanisms
ok 54 - feature introductions preserve live tutorial targets and required mechanisms
  ---
  duration_ms: 0.51525
  type: 'test'
  ...
# Subtest: daily selection remains solvable with the replacement level catalogue
ok 55 - daily selection remains solvable with the replacement level catalogue
  ---
  duration_ms: 15.372208
  type: 'test'
  ...
# Subtest: generator refuses invalid IDs and ranges
ok 56 - generator refuses invalid IDs and ranges
  ---
  duration_ms: 0.411625
  type: 'test'
  ...
# Subtest: all levels have unique sequential ids
ok 57 - all levels have unique sequential ids
  ---
  duration_ms: 0.878333
  type: 'test'
  ...
# Subtest: every level parses with required entities and hint
ok 58 - every level parses with required entities and hint
  ---
  duration_ms: 8.717875
  type: 'test'
  ...
# Subtest: levels solvable with optimal <= par and non-trivial
ok 59 - levels solvable with optimal <= par and non-trivial
  ---
  duration_ms: 99.7945
  type: 'test'
  ...
# Subtest: chapters cover all levels
ok 60 - chapters cover all levels
  ---
  duration_ms: 0.263083
  type: 'test'
  ...
# Subtest: defaults shape is v2
ok 61 - defaults shape is v2
  ---
  duration_ms: 0.824042
  type: 'test'
  ...
# Subtest: v1 save migrates to v2 preserving progress
ok 62 - v1 save migrates to v2 preserving progress
  ---
  duration_ms: 0.444125
  type: 'test'
  ...
# Subtest: corrupted payloads sanitize safely
ok 63 - corrupted payloads sanitize safely
  ---
  duration_ms: 1.175625
  type: 'test'
  ...
# Subtest: completeLevel unlocks next and keeps best stars
ok 64 - completeLevel unlocks next and keeps best stars
  ---
  duration_ms: 0.302625
  type: 'test'
  ...
# Subtest: recordDaily keeps best stars and fewest moves
ok 65 - recordDaily keeps best stars and fewest moves
  ---
  duration_ms: 0.199167
  type: 'test'
  ...
# Subtest: dailyStreak counts consecutive days ending today
ok 66 - dailyStreak counts consecutive days ending today
  ---
  duration_ms: 0.979833
  type: 'test'
  ...
# Subtest: totalStars sums
ok 67 - totalStars sums
  ---
  duration_ms: 0.168667
  type: 'test'
  ...
# Subtest: legacy v1 storage key migrates and persists under v2
ok 68 - legacy v1 storage key migrates and persists under v2
  ---
  duration_ms: 0.136167
  type: 'test'
  ...
# Subtest: remote config merge overrides known keys only
ok 69 - remote config merge overrides known keys only
  ---
  duration_ms: 0.848042
  type: 'test'
  ...
# Subtest: merge with empty patch keeps defaults
ok 70 - merge with empty patch keeps defaults
  ---
  duration_ms: 0.079291
  type: 'test'
  ...
# Subtest: tutorial steps for mechanism levels then done
ok 71 - tutorial steps for mechanism levels then done
  ---
  duration_ms: 1.197875
  type: 'test'
  ...
# Subtest: all skins are freely available (no monetization)
ok 72 - all skins are freely available (no monetization)
  ---
  duration_ms: 0.142459
  type: 'test'
  ...
# Subtest: audio never creates or resumes a context before a trusted interaction
ok 73 - audio never creates or resumes a context before a trusted interaction
  ---
  duration_ms: 1.481125
  type: 'test'
  ...
# Subtest: suspended first interaction resumes once and plays its cue after resume
ok 74 - suspended first interaction resumes once and plays its cue after resume
  ---
  duration_ms: 0.83725
  type: 'test'
  ...
# Subtest: muting stops graphs immediately; enabling restores current level ambience
ok 75 - muting stops graphs immediately; enabling restores current level ambience
  ---
  duration_ms: 0.301083
  type: 'test'
  ...
# Subtest: exit cancels pending ambience and repeat level starts do not duplicate it
ok 76 - exit cancels pending ambience and repeat level starts do not duplicate it
  ---
  duration_ms: 0.260666
  type: 'test'
  ...
# Subtest: hidden page silences and suspends; next interaction restores the active scene
ok 77 - hidden page silences and suspends; next interaction restores the active scene
  ---
  duration_ms: 0.533167
  type: 'test'
  ...
# Subtest: rejected audio resume is contained and stale cues are not emitted
ok 78 - rejected audio resume is contained and stale cues are not emitted
  ---
  duration_ms: 0.275792
  type: 'test'
  ...
# Subtest: sound can first activate when switched on inside an already opened level
ok 79 - sound can first activate when switched on inside an already opened level
  ---
  duration_ms: 0.196792
  type: 'test'
  ...
# Subtest: show toggles exactly one screen
ok 80 - show toggles exactly one screen
  ---
  duration_ms: 17.498166
  type: 'test'
  ...
# Subtest: anyModalOpen reports visible modal id
ok 81 - anyModalOpen reports visible modal id
  ---
  duration_ms: 0.322666
  type: 'test'
  ...
# Subtest: level select renders one node per level
ok 82 - level select renders one node per level
  ---
  duration_ms: 2.692333
  type: 'test'
  ...
# Subtest: setHud writes moves and over state
ok 83 - setHud writes moves and over state
  ---
  duration_ms: 0.434291
  type: 'test'
  ...
1..83
# tests 83
# suites 0
# pass 83
# fail 0
# cancelled 0
# skipped 0
# todo 0
# duration_ms 410.960959
